// Vitest Snapshot v1, https://vitest.dev/guide/snapshot.html

exports[`PetsPage grid rendering > snapshot with images metadata > pets-grid-with-images 1`] = `"<div class="pets__card" role="region" data-index="0" data-id="1" tabindex="-1" aria-label="Pet card: Pet 1" data-state="view"><div class="pets__card-display"><div class="pets__media" data-state="placeholder"><img class="pets__photo" alt="Pet 1" hidden="" data-photo-key="buddy.png"><img class="pets__placeholder" alt="" src="http://localhost:3000/src/assets/pets/placeholders/dog.svg"></div><div class="pets__media-actions"><button type="button" class="pets__photo-action">Change photo</button><button type="button" class="pets__photo-action pets__photo-action--reveal" aria-label="Reveal" aria-disabled="false">Reveal</button></div><div class="pets__card-body"><h3 class="pets__name">Pet 1</h3><p class="pets__type" data-empty="false">Dog</p></div><div class="pets__actions"><button type="button" class="pets__action pets__action--primary">Open</button><button type="button" class="pets__action">Edit</button><div class="pets__order"><button type="button" class="pets__order-btn" aria-label="Move up" disabled="">▲</button><button type="button" class="pets__order-btn" aria-label="Move down" disabled="">▼</button></div></div></div><form class="pets__card-editor" hidden=""><div class="pets__editor-fields"><input type="text" required="" class="pets__input" placeholder="Name"><input type="text" class="pets__input" placeholder="Type"></div><div class="pets__editor-actions"><button type="submit" class="pets__action">Save</button><button type="button" class="pets__action">Cancel</button></div></form></div><div class="pets__card" role="region" data-index="1" data-id="2" tabindex="-1" aria-label="Pet card: Pet 2" data-state="view"><div class="pets__card-display"><div class="pets__media" data-state="placeholder"><img class="pets__photo" alt="Pet 2" hidden="" data-photo-key="kit.png"><img class="pets__placeholder" alt="" src="http://localhost:3000/src/assets/pets/placeholders/dog.svg"></div><div class="pets__media-actions"><button type="button" class="pets__photo-action">Change photo</button><button type="button" class="pets__photo-action pets__photo-action--reveal" aria-label="Reveal" aria-disabled="false">Reveal</button></div><div class="pets__card-body"><h3 class="pets__name">Pet 2</h3><p class="pets__type" data-empty="false">Dog</p></div><div class="pets__actions"><button type="button" class="pets__action pets__action--primary">Open</button><button type="button" class="pets__action">Edit</button><div class="pets__order"><button type="button" class="pets__order-btn" aria-label="Move up" disabled="">▲</button><button type="button" class="pets__order-btn" aria-label="Move down" disabled="">▼</button></div></div></div><form class="pets__card-editor" hidden=""><div class="pets__editor-fields"><input type="text" required="" class="pets__input" placeholder="Name"><input type="text" class="pets__input" placeholder="Type"></div><div class="pets__editor-actions"><button type="submit" class="pets__action">Save</button><button type="button" class="pets__action">Cancel</button></div></form></div><div class="pets__card" role="region" data-index="2" data-id="3" tabindex="-1" aria-label="Pet card: Pet 3" data-state="view"><div class="pets__card-display"><div class="pets__media" data-state="placeholder"><img class="pets__photo" alt="Pet 3" hidden="" data-photo-key=""><img class="pets__placeholder" alt="" src="http://localhost:3000/src/assets/pets/placeholders/dog.svg"></div><div class="pets__media-actions"><button type="button" class="pets__photo-action">Change photo</button><button type="button" class="pets__photo-action pets__photo-action--reveal" aria-label="Reveal" disabled="" aria-disabled="true">Reveal</button></div><div class="pets__card-body"><h3 class="pets__name">Pet 3</h3><p class="pets__type" data-empty="false">Dog</p></div><div class="pets__actions"><button type="button" class="pets__action pets__action--primary">Open</button><button type="button" class="pets__action">Edit</button><div class="pets__order"><button type="button" class="pets__order-btn" aria-label="Move up" disabled="">▲</button><button type="button" class="pets__order-btn" aria-label="Move down" disabled="">▼</button></div></div></div><form class="pets__card-editor" hidden=""><div class="pets__editor-fields"><input type="text" required="" class="pets__input" placeholder="Name"><input type="text" class="pets__input" placeholder="Type"></div><div class="pets__editor-actions"><button type="submit" class="pets__action">Save</button><button type="button" class="pets__action">Cancel</button></div></form></div>"`;

exports[`PetsPage grid rendering > snapshot without images > pets-grid-without-images 1`] = `"<div class="pets__card" role="region" data-index="0" data-id="1" tabindex="-1" aria-label="Pet card: Pet 1" data-state="view"><div class="pets__card-display"><div class="pets__media" data-state="placeholder"><img class="pets__photo" alt="Pet 1" hidden="" data-photo-key=""><img class="pets__placeholder" alt="" src="http://localhost:3000/src/assets/pets/placeholders/dog.svg"></div><div class="pets__media-actions"><button type="button" class="pets__photo-action">Change photo</button><button type="button" class="pets__photo-action pets__photo-action--reveal" aria-label="Reveal" disabled="" aria-disabled="true">Reveal</button></div><div class="pets__card-body"><h3 class="pets__name">Pet 1</h3><p class="pets__type" data-empty="false">Dog</p></div><div class="pets__actions"><button type="button" class="pets__action pets__action--primary">Open</button><button type="button" class="pets__action">Edit</button><div class="pets__order"><button type="button" class="pets__order-btn" aria-label="Move up" disabled="">▲</button><button type="button" class="pets__order-btn" aria-label="Move down" disabled="">▼</button></div></div></div><form class="pets__card-editor" hidden=""><div class="pets__editor-fields"><input type="text" required="" class="pets__input" placeholder="Name"><input type="text" class="pets__input" placeholder="Type"></div><div class="pets__editor-actions"><button type="submit" class="pets__action">Save</button><button type="button" class="pets__action">Cancel</button></div></form></div><div class="pets__card" role="region" data-index="1" data-id="2" tabindex="-1" aria-label="Pet card: Pet 2" data-state="view"><div class="pets__card-display"><div class="pets__media" data-state="placeholder"><img class="pets__photo" alt="Pet 2" hidden="" data-photo-key=""><img class="pets__placeholder" alt="" src="http://localhost:3000/src/assets/pets/placeholders/dog.svg"></div><div class="pets__media-actions"><button type="button" class="pets__photo-action">Change photo</button><button type="button" class="pets__photo-action pets__photo-action--reveal" aria-label="Reveal" disabled="" aria-disabled="true">Reveal</button></div><div class="pets__card-body"><h3 class="pets__name">Pet 2</h3><p class="pets__type" data-empty="false">Dog</p></div><div class="pets__actions"><button type="button" class="pets__action pets__action--primary">Open</button><button type="button" class="pets__action">Edit</button><div class="pets__order"><button type="button" class="pets__order-btn" aria-label="Move up" disabled="">▲</button><button type="button" class="pets__order-btn" aria-label="Move down" disabled="">▼</button></div></div></div><form class="pets__card-editor" hidden=""><div class="pets__editor-fields"><input type="text" required="" class="pets__input" placeholder="Name"><input type="text" class="pets__input" placeholder="Type"></div><div class="pets__editor-actions"><button type="submit" class="pets__action">Save</button><button type="button" class="pets__action">Cancel</button></div></form></div><div class="pets__card" role="region" data-index="2" data-id="3" tabindex="-1" aria-label="Pet card: Pet 3" data-state="view"><div class="pets__card-display"><div class="pets__media" data-state="placeholder"><img class="pets__photo" alt="Pet 3" hidden="" data-photo-key=""><img class="pets__placeholder" alt="" src="http://localhost:3000/src/assets/pets/placeholders/dog.svg"></div><div class="pets__media-actions"><button type="button" class="pets__photo-action">Change photo</button><button type="button" class="pets__photo-action pets__photo-action--reveal" aria-label="Reveal" disabled="" aria-disabled="true">Reveal</button></div><div class="pets__card-body"><h3 class="pets__name">Pet 3</h3><p class="pets__type" data-empty="false">Dog</p></div><div class="pets__actions"><button type="button" class="pets__action pets__action--primary">Open</button><button type="button" class="pets__action">Edit</button><div class="pets__order"><button type="button" class="pets__order-btn" aria-label="Move up" disabled="">▲</button><button type="button" class="pets__order-btn" aria-label="Move down" disabled="">▼</button></div></div></div><form class="pets__card-editor" hidden=""><div class="pets__editor-fields"><input type="text" required="" class="pets__input" placeholder="Name"><input type="text" class="pets__input" placeholder="Type"></div><div class="pets__editor-actions"><button type="submit" class="pets__action">Save</button><button type="button" class="pets__action">Cancel</button></div></form></div>"`;
