{
  "dst_transitions_are_respected": {
    "expected_count": 35,
    "instances": [
      {
        "start_utc": "2024-03-03T06:30:00Z",
        "end_utc": "2024-03-03T08:00:00Z",
        "local_start": "2024-03-03T01:30:00-05:00",
        "local_end": "2024-03-03T03:00:00-05:00",
        "offset_seconds": -18000
      },
      {
        "start_utc": "2024-03-17T05:30:00Z",
        "end_utc": "2024-03-17T07:00:00Z",
        "local_start": "2024-03-17T01:30:00-04:00",
        "local_end": "2024-03-17T03:00:00-04:00",
        "offset_seconds": -14400
      },
      {
        "start_utc": "2024-03-24T05:30:00Z",
        "end_utc": "2024-03-24T07:00:00Z",
        "local_start": "2024-03-24T01:30:00-04:00",
        "local_end": "2024-03-24T03:00:00-04:00",
        "offset_seconds": -14400
      },
      {
        "start_utc": "2024-03-31T05:30:00Z",
        "end_utc": "2024-03-31T07:00:00Z",
        "local_start": "2024-03-31T01:30:00-04:00",
        "local_end": "2024-03-31T03:00:00-04:00",
        "offset_seconds": -14400
      },
      {
        "start_utc": "2024-04-07T05:30:00Z",
        "end_utc": "2024-04-07T07:00:00Z",
        "local_start": "2024-04-07T01:30:00-04:00",
        "local_end": "2024-04-07T03:00:00-04:00",
        "offset_seconds": -14400
      },
      {
        "start_utc": "2024-04-14T05:30:00Z",
        "end_utc": "2024-04-14T07:00:00Z",
        "local_start": "2024-04-14T01:30:00-04:00",
        "local_end": "2024-04-14T03:00:00-04:00",
        "offset_seconds": -14400
      },
      {
        "start_utc": "2024-04-21T05:30:00Z",
        "end_utc": "2024-04-21T07:00:00Z",
        "local_start": "2024-04-21T01:30:00-04:00",
        "local_end": "2024-04-21T03:00:00-04:00",
        "offset_seconds": -14400
      },
      {
        "start_utc": "2024-04-28T05:30:00Z",
        "end_utc": "2024-04-28T07:00:00Z",
        "local_start": "2024-04-28T01:30:00-04:00",
        "local_end": "2024-04-28T03:00:00-04:00",
        "offset_seconds": -14400
      },
      {
        "start_utc": "2024-05-05T05:30:00Z",
        "end_utc": "2024-05-05T07:00:00Z",
        "local_start": "2024-05-05T01:30:00-04:00",
        "local_end": "2024-05-05T03:00:00-04:00",
        "offset_seconds": -14400
      },
      {
        "start_utc": "2024-05-12T05:30:00Z",
        "end_utc": "2024-05-12T07:00:00Z",
        "local_start": "2024-05-12T01:30:00-04:00",
        "local_end": "2024-05-12T03:00:00-04:00",
        "offset_seconds": -14400
      },
      {
        "start_utc": "2024-05-19T05:30:00Z",
        "end_utc": "2024-05-19T07:00:00Z",
        "local_start": "2024-05-19T01:30:00-04:00",
        "local_end": "2024-05-19T03:00:00-04:00",
        "offset_seconds": -14400
      },
      {
        "start_utc": "2024-05-26T05:30:00Z",
        "end_utc": "2024-05-26T07:00:00Z",
        "local_start": "2024-05-26T01:30:00-04:00",
        "local_end": "2024-05-26T03:00:00-04:00",
        "offset_seconds": -14400
      },
      {
        "start_utc": "2024-06-02T05:30:00Z",
        "end_utc": "2024-06-02T07:00:00Z",
        "local_start": "2024-06-02T01:30:00-04:00",
        "local_end": "2024-06-02T03:00:00-04:00",
        "offset_seconds": -14400
      },
      {
        "start_utc": "2024-06-09T05:30:00Z",
        "end_utc": "2024-06-09T07:00:00Z",
        "local_start": "2024-06-09T01:30:00-04:00",
        "local_end": "2024-06-09T03:00:00-04:00",
        "offset_seconds": -14400
      },
      {
        "start_utc": "2024-06-16T05:30:00Z",
        "end_utc": "2024-06-16T07:00:00Z",
        "local_start": "2024-06-16T01:30:00-04:00",
        "local_end": "2024-06-16T03:00:00-04:00",
        "offset_seconds": -14400
      },
      {
        "start_utc": "2024-06-23T05:30:00Z",
        "end_utc": "2024-06-23T07:00:00Z",
        "local_start": "2024-06-23T01:30:00-04:00",
        "local_end": "2024-06-23T03:00:00-04:00",
        "offset_seconds": -14400
      },
      {
        "start_utc": "2024-06-30T05:30:00Z",
        "end_utc": "2024-06-30T07:00:00Z",
        "local_start": "2024-06-30T01:30:00-04:00",
        "local_end": "2024-06-30T03:00:00-04:00",
        "offset_seconds": -14400
      },
      {
        "start_utc": "2024-07-07T05:30:00Z",
        "end_utc": "2024-07-07T07:00:00Z",
        "local_start": "2024-07-07T01:30:00-04:00",
        "local_end": "2024-07-07T03:00:00-04:00",
        "offset_seconds": -14400
      },
      {
        "start_utc": "2024-07-14T05:30:00Z",
        "end_utc": "2024-07-14T07:00:00Z",
        "local_start": "2024-07-14T01:30:00-04:00",
        "local_end": "2024-07-14T03:00:00-04:00",
        "offset_seconds": -14400
      },
      {
        "start_utc": "2024-07-21T05:30:00Z",
        "end_utc": "2024-07-21T07:00:00Z",
        "local_start": "2024-07-21T01:30:00-04:00",
        "local_end": "2024-07-21T03:00:00-04:00",
        "offset_seconds": -14400
      },
      {
        "start_utc": "2024-07-28T05:30:00Z",
        "end_utc": "2024-07-28T07:00:00Z",
        "local_start": "2024-07-28T01:30:00-04:00",
        "local_end": "2024-07-28T03:00:00-04:00",
        "offset_seconds": -14400
      },
      {
        "start_utc": "2024-08-04T05:30:00Z",
        "end_utc": "2024-08-04T07:00:00Z",
        "local_start": "2024-08-04T01:30:00-04:00",
        "local_end": "2024-08-04T03:00:00-04:00",
        "offset_seconds": -14400
      },
      {
        "start_utc": "2024-08-11T05:30:00Z",
        "end_utc": "2024-08-11T07:00:00Z",
        "local_start": "2024-08-11T01:30:00-04:00",
        "local_end": "2024-08-11T03:00:00-04:00",
        "offset_seconds": -14400
      },
      {
        "start_utc": "2024-08-18T05:30:00Z",
        "end_utc": "2024-08-18T07:00:00Z",
        "local_start": "2024-08-18T01:30:00-04:00",
        "local_end": "2024-08-18T03:00:00-04:00",
        "offset_seconds": -14400
      },
      {
        "start_utc": "2024-08-25T05:30:00Z",
        "end_utc": "2024-08-25T07:00:00Z",
        "local_start": "2024-08-25T01:30:00-04:00",
        "local_end": "2024-08-25T03:00:00-04:00",
        "offset_seconds": -14400
      },
      {
        "start_utc": "2024-09-01T05:30:00Z",
        "end_utc": "2024-09-01T07:00:00Z",
        "local_start": "2024-09-01T01:30:00-04:00",
        "local_end": "2024-09-01T03:00:00-04:00",
        "offset_seconds": -14400
      },
      {
        "start_utc": "2024-09-08T05:30:00Z",
        "end_utc": "2024-09-08T07:00:00Z",
        "local_start": "2024-09-08T01:30:00-04:00",
        "local_end": "2024-09-08T03:00:00-04:00",
        "offset_seconds": -14400
      },
      {
        "start_utc": "2024-09-15T05:30:00Z",
        "end_utc": "2024-09-15T07:00:00Z",
        "local_start": "2024-09-15T01:30:00-04:00",
        "local_end": "2024-09-15T03:00:00-04:00",
        "offset_seconds": -14400
      },
      {
        "start_utc": "2024-09-22T05:30:00Z",
        "end_utc": "2024-09-22T07:00:00Z",
        "local_start": "2024-09-22T01:30:00-04:00",
        "local_end": "2024-09-22T03:00:00-04:00",
        "offset_seconds": -14400
      },
      {
        "start_utc": "2024-09-29T05:30:00Z",
        "end_utc": "2024-09-29T07:00:00Z",
        "local_start": "2024-09-29T01:30:00-04:00",
        "local_end": "2024-09-29T03:00:00-04:00",
        "offset_seconds": -14400
      },
      {
        "start_utc": "2024-10-06T05:30:00Z",
        "end_utc": "2024-10-06T07:00:00Z",
        "local_start": "2024-10-06T01:30:00-04:00",
        "local_end": "2024-10-06T03:00:00-04:00",
        "offset_seconds": -14400
      },
      {
        "start_utc": "2024-10-13T05:30:00Z",
        "end_utc": "2024-10-13T07:00:00Z",
        "local_start": "2024-10-13T01:30:00-04:00",
        "local_end": "2024-10-13T03:00:00-04:00",
        "offset_seconds": -14400
      },
      {
        "start_utc": "2024-10-20T05:30:00Z",
        "end_utc": "2024-10-20T07:00:00Z",
        "local_start": "2024-10-20T01:30:00-04:00",
        "local_end": "2024-10-20T03:00:00-04:00",
        "offset_seconds": -14400
      },
      {
        "start_utc": "2024-10-27T05:30:00Z",
        "end_utc": "2024-10-27T07:00:00Z",
        "local_start": "2024-10-27T01:30:00-04:00",
        "local_end": "2024-10-27T03:00:00-04:00",
        "offset_seconds": -14400
      },
      {
        "start_utc": "2024-11-10T06:30:00Z",
        "end_utc": "2024-11-10T08:00:00Z",
        "local_start": "2024-11-10T01:30:00-05:00",
        "local_end": "2024-11-10T03:00:00-05:00",
        "offset_seconds": -18000
      }
    ]
  },
  "duplicate_exdates_are_idempotent": {
    "expected_count": 2,
    "instances": [
      {
        "start_utc": "2024-06-01T15:00:00Z",
        "end_utc": "2024-06-01T16:00:00Z",
        "local_start": "2024-06-01T08:00:00-07:00",
        "local_end": "2024-06-01T09:00:00-07:00",
        "offset_seconds": -25200
      },
      {
        "start_utc": "2024-06-15T15:00:00Z",
        "end_utc": "2024-06-15T16:00:00Z",
        "local_start": "2024-06-15T08:00:00-07:00",
        "local_end": "2024-06-15T09:00:00-07:00",
        "offset_seconds": -25200
      }
    ]
  },
  "leap_day_exdate_propagates": {
    "expected_count": 3,
    "instances": [
      {
        "start_utc": "2028-02-29T08:00:00Z",
        "end_utc": "2028-02-29T10:00:00Z",
        "local_start": "2028-02-29T08:00:00Z",
        "local_end": "2028-02-29T10:00:00Z",
        "offset_seconds": 0
      },
      {
        "start_utc": "2032-02-29T08:00:00Z",
        "end_utc": "2032-02-29T10:00:00Z",
        "local_start": "2032-02-29T08:00:00Z",
        "local_end": "2032-02-29T10:00:00Z",
        "offset_seconds": 0
      },
      {
        "start_utc": "2036-02-29T08:00:00Z",
        "end_utc": "2036-02-29T10:00:00Z",
        "local_start": "2036-02-29T08:00:00Z",
        "local_end": "2036-02-29T10:00:00Z",
        "offset_seconds": 0
      }
    ]
  },
  "multiple_bulk_exdates": {
    "expected_count": 3,
    "instances": [
      {
        "start_utc": "2024-04-10T16:30:00Z",
        "end_utc": "2024-04-10T17:15:00Z",
        "local_start": "2024-04-10T18:30:00+02:00",
        "local_end": "2024-04-10T19:15:00+02:00",
        "offset_seconds": 7200
      },
      {
        "start_utc": "2024-04-12T16:30:00Z",
        "end_utc": "2024-04-12T17:15:00Z",
        "local_start": "2024-04-12T18:30:00+02:00",
        "local_end": "2024-04-12T19:15:00+02:00",
        "offset_seconds": 7200
      },
      {
        "start_utc": "2024-04-14T16:30:00Z",
        "end_utc": "2024-04-14T17:15:00Z",
        "local_start": "2024-04-14T18:30:00+02:00",
        "local_end": "2024-04-14T19:15:00+02:00",
        "offset_seconds": 7200
      }
    ]
  },
  "single_exdate_removal": {
    "expected_count": 2,
    "instances": [
      {
        "start_utc": "2024-05-01T09:00:00Z",
        "end_utc": "2024-05-01T10:00:00Z",
        "local_start": "2024-05-01T09:00:00Z",
        "local_end": "2024-05-01T10:00:00Z",
        "offset_seconds": 0
      },
      {
        "start_utc": "2024-05-03T09:00:00Z",
        "end_utc": "2024-05-03T10:00:00Z",
        "local_start": "2024-05-03T09:00:00Z",
        "local_end": "2024-05-03T10:00:00Z",
        "offset_seconds": 0
      }
    ]
  }
}
